Microsoft (R) Macro Assembler Version 14.35.32217.1	    06/01/23 16:42:10
teste.asm						     Page 1 - 1


				            .686
				            .model flat, c
				            .stack 100h
				printf      PROTO arg1:Ptr byte, printlist:VARARG
				scanf       PROTO arg2:Ptr byte, inputlist:VARARG

 00000000			            .data
 00000000  0000000A [		num         sdword 10 dup(0)
	    00000000
	   ]
 00000028 00000002		i           sdword 2

 00000000			            .code
 00000000			main        PROC

 00000000  8B 1D 00000028 R	            mov     ebx, i
 00000006  8B 83 00000000 R	            mov     eax, num[ebx]
 0000000C  89 83 00000004 R	            mov     num+4[ebx], eax
 00000012  C3			            ret
 00000013			main        endp
				            end
Microsoft (R) Macro Assembler Version 14.35.32217.1	    06/01/23 16:42:10
teste.asm						     Symbols 2 - 1




Segments and Groups:

                N a m e                 Size     Length   Align   Combine Class

FLAT . . . . . . . . . . . . . .	GROUP
STACK  . . . . . . . . . . . . .	32 Bit	 00000100 Para	  Stack	  'STACK'	 
_DATA  . . . . . . . . . . . . .	32 Bit	 0000002C Para	  Public  'DATA'	
_TEXT  . . . . . . . . . . . . .	32 Bit	 00000013 Para	  Public  'CODE'	


Procedures, parameters, and locals:

                N a m e                 Type     Value    Attr

main . . . . . . . . . . . . . .	P Near	 00000000 _TEXT	Length= 00000013 Public C
printf . . . . . . . . . . . . .	P Near	 00000000 FLAT	Length= 00000000 External C
scanf  . . . . . . . . . . . . .	P Near	 00000000 FLAT	Length= 00000000 External C


Symbols:

                N a m e                 Type     Value    Attr

@CodeSize  . . . . . . . . . . .	Number	 00000000h   
@DataSize  . . . . . . . . . . .	Number	 00000000h   
@Interface . . . . . . . . . . .	Number	 00000001h   
@Model . . . . . . . . . . . . .	Number	 00000007h   
@code  . . . . . . . . . . . . .	Text   	 _TEXT
@data  . . . . . . . . . . . . .	Text   	 FLAT
@fardata?  . . . . . . . . . . .	Text   	 FLAT
@fardata . . . . . . . . . . . .	Text   	 FLAT
@stack . . . . . . . . . . . . .	Text   	 FLAT
i  . . . . . . . . . . . . . . .	DWord	 00000028 _DATA	
num  . . . . . . . . . . . . . .	DWord	 00000000 _DATA	

	   0 Warnings
	   0 Errors
